---
source: meadow/tests/lower.rs
expression: "core_ir(\"def a = [1; 2; 3]\\ndef b = Cons 0 a\\n\")"
---
v0 : (List BigInt)
v0 = (List.Cons 1 (List.Cons 2 (List.Cons 3 (List.Nil  : (List BigInt)) : (List BigInt)) : (List BigInt)) : (List BigInt))
v1 : (List BigInt)
v1 = (List.Cons 0 v0 : (List BigInt))
