---
source: meadow/tests/parser.rs
assertion_line: 85
expression: "parse_ast(\"data Thunk a = Thunk (() -> a)\\n\")"
---
Module {
    name: InternedString(test),
    decls: [
        Located {
            value: Data(
                DataDecl {
                    name: Located {
                        value: InternedString(Thunk),
                        span: 5..10,
                    },
                    params: [
                        Located {
                            value: InternedString(a),
                            span: 11..12,
                        },
                    ],
                    variants: [
                        Variant {
                            name: Located {
                                value: InternedString(Thunk),
                                span: 15..20,
                            },
                            fields: Positional(
                                [
                                    Located {
                                        value: Fun(
                                            [
                                                Located {
                                                    value: Con(
                                                        Located {
                                                            value: InternedString(Unit),
                                                            span: 22..24,
                                                        },
                                                        [],
                                                    ),
                                                    span: 22..24,
                                                },
                                            ],
                                            Located {
                                                value: Var(
                                                    Located {
                                                        value: InternedString(a),
                                                        span: 28..29,
                                                    },
                                                ),
                                                span: 28..29,
                                            },
                                            None,
                                        ),
                                        span: 22..29,
                                    },
                                ],
                            ),
                        },
                    ],
                },
            ),
            span: 0..30,
        },
    ],
}
