---
source: tests/effects.rs
expression: "schemes(\"effect State s { get : () -> s, put : s -> () }\\n\\\n         fun runState s0 act =\\n\\\n           handle act () with {\\n\\\n             get g k -> \\\\s -> (k s) s,\\n\\\n             put s2 k -> \\\\s -> (k ()) s2,\\n\\\n             return x -> \\\\s -> (x, s)\\n\\\n           } s0\\n\")"
---
runState : forall a b c. a -> (Unit -> b ! { State a | c }) -> (b, a) ! c
